---
source: columnar/tests/integration/attribute.rs
expression: bytes
---
- 1
- 2
- 2
- 1
- 2
- 3
- 2
- 1
- 2

