---
source: columnar/tests/integration/attribute.rs
expression: b
---
[]

