---
source: columnar/tests/integration/attribute.rs
expression: bytes
---
- 1
- 1
- 5
- 1
- 2
- 2
- 160
- 0
