---
source: columnar/tests/integration/attribute.rs
expression: bytes
---
- 2
- 3
- 11
- 2
- 1
- 3
- 2
- 1
- 1
- 1
- 3
- 2
- 1
- 1
- 17
- 2
- 2
- 2
- 1
- 2
- 3
- 2
- 1
- 1
- 2
- 2
- 1
- 2
- 3
- 2
- 1
- 1
- 2
- 0
- 2
- 4
- 2
- 1
- 2
- 11
- 2
- 1
- 3
- 2
- 1
- 1
- 1
- 3
- 2
- 1
- 1
- 17
- 2
- 2
- 2
- 1
- 2
- 3
- 2
- 1
- 1
- 2
- 2
- 1
- 2
- 3
- 2
- 1
- 1
- 2
- 0
- 2

