---
source: columnar/tests/integration/attribute.rs
expression: bytes
---
- 1
- 1

