---
source: columnar/tests/integration/attribute.rs
expression: bytes
---
- 1
- 3
- 2
- 1
- 2
- 3
- 0
- 4
- 2
- 3
- 0
- 4
- 2

