---
source: columnar/tests/integration/attribute.rs
expression: b
---
- 1
- 2

