---
source: columnar/tests/integration/attribute.rs
expression: bytes
---
- 2
- 3
- 2
- 4
- 2
- 0
- 4
- 3
- 0
- 1
- 1
- 1
- 10
- 9
- 2
- 205
- 204
- 204
- 61
- 205
- 204
- 76
- 62
- 4
- 2
- 1
- 2
- 2
- 4
- 2
- 0
- 4
- 3
- 0
- 1
- 1
- 1
- 10
- 9
- 2
- 205
- 204
- 204
- 61
- 205
- 204
- 76
- 62

