---
source: columnar/tests/integration/attribute.rs
expression: bytes
---
- 0

